// Jest Snapshot v1, https://goo.gl/fbAQLP

exports[`generateLinkedList should generate linked list from values 2 1`] = `
{
  "next": {
    "next": {
      "next": {
        "next": {
          "next": null,
          "value": null,
        },
        "value": 99000,
      },
      "value": 89,
    },
    "value": 422,
  },
  "value": 777,
}
`;
